// Jest Snapshot v1, https://goo.gl/fbAQLP

exports[`should take a snapshot 1`] = `
<DocumentFragment>
  <div>
    <main>
      <div
        class="container"
      >
        <form>
          <div
            class="form-group"
          >
            <label>
              User Name
            </label>
            <input
              class="form-control"
              placeholder="Enter User Name"
              type="text"
              value=""
            />
             
          </div>
          <div
            class="form-group"
          >
            <label>
              Password
            </label>
            <input
              class="form-control"
              placeholder="Enter Password"
              type="password"
              value=""
            />
          </div>
          <div
            class="form-group"
          >
            <button
              class="btn btn-success"
            >
              Login
            </button>
            <div>
              <span>
                New User?
              </span>
              <a
                href="/register"
              >
                Register
              </a>
            </div>
          </div>
        </form>
      </div>
    </main>
  </div>
</DocumentFragment>
`;
